[INFO] Scanning for projects...
[INFO] 
[INFO] --------------------< com.example:reclamation_avis >--------------------
[INFO] Building reclamation_avis 1.0-SNAPSHOT
[INFO] --------------------------------[ jar ]---------------------------------
[WARNING] The artifact mysql:mysql-connector-java:jar:8.0.33 has been relocated to com.mysql:mysql-connector-j:jar:8.0.33: MySQL Connector/J artifacts moved to reverse-DNS compliant Maven 2+ coordinates.
[INFO] 
[INFO] --- maven-clean-plugin:2.5:clean (default-clean) @ reclamation_avis ---
[INFO] Deleting C:\Users\rayen\IdeaProjects\reclamation_avis\target
[INFO] 
[INFO] --- maven-resources-plugin:2.6:resources (default-resources) @ reclamation_avis ---
[INFO] Using 'UTF-8' encoding to copy filtered resources.
[INFO] Copying 16 resources
[INFO] 
[INFO] --- maven-compiler-plugin:3.11.0:compile (default-compile) @ reclamation_avis ---
[INFO] Changes detected - recompiling the module! :source
[INFO] Compiling 24 source files with javac [debug target 17] to target\classes
[INFO] /C:/Users/rayen/IdeaProjects/reclamation_avis/src/main/java/tools/LanguageManager.java: C:\Users\rayen\IdeaProjects\reclamation_avis\src\main\java\tools\LanguageManager.java uses or overrides a deprecated API.
[INFO] /C:/Users/rayen/IdeaProjects/reclamation_avis/src/main/java/tools/LanguageManager.java: Recompile with -Xlint:deprecation for details.
[INFO] /C:/Users/rayen/IdeaProjects/reclamation_avis/src/main/java/controllers/DashboardStatsController.java: C:\Users\rayen\IdeaProjects\reclamation_avis\src\main\java\controllers\DashboardStatsController.java uses unchecked or unsafe operations.
[INFO] /C:/Users/rayen/IdeaProjects/reclamation_avis/src/main/java/controllers/DashboardStatsController.java: Recompile with -Xlint:unchecked for details.
[INFO] -------------------------------------------------------------
[WARNING] COMPILATION WARNING : 
[INFO] -------------------------------------------------------------
[WARNING] system modules path not set in conjunction with -source 17
[INFO] 1 warning
[INFO] -------------------------------------------------------------
[INFO] -------------------------------------------------------------
[ERROR] COMPILATION ERROR : 
[INFO] -------------------------------------------------------------
[ERROR] /C:/Users/rayen/IdeaProjects/reclamation_avis/src/main/java/controllers/DashboardStatsController.java:[89,13] reference to List is ambiguous
  both interface java.util.List in java.util and class com.itextpdf.text.List in com.itextpdf.text match
[ERROR] /C:/Users/rayen/IdeaProjects/reclamation_avis/src/main/java/controllers/DashboardStatsController.java:[90,13] reference to List is ambiguous
  both interface java.util.List in java.util and class com.itextpdf.text.List in com.itextpdf.text match
[ERROR] /C:/Users/rayen/IdeaProjects/reclamation_avis/src/main/java/controllers/DashboardStatsController.java:[258,9] reference to List is ambiguous
  both interface java.util.List in java.util and class com.itextpdf.text.List in com.itextpdf.text match
[INFO] 3 errors 
[INFO] -------------------------------------------------------------
[INFO] ------------------------------------------------------------------------
[INFO] BUILD FAILURE
[INFO] ------------------------------------------------------------------------
[INFO] Total time:  1.566 s
[INFO] Finished at: 2026-03-01T15:14:20+01:00
[INFO] ------------------------------------------------------------------------
[ERROR] Failed to execute goal org.apache.maven.plugins:maven-compiler-plugin:3.11.0:compile (default-compile) on project reclamation_avis: Compilation failure: Compilation failure: 
[ERROR] /C:/Users/rayen/IdeaProjects/reclamation_avis/src/main/java/controllers/DashboardStatsController.java:[89,13] reference to List is ambiguous
[ERROR]   both interface java.util.List in java.util and class com.itextpdf.text.List in com.itextpdf.text match
[ERROR] /C:/Users/rayen/IdeaProjects/reclamation_avis/src/main/java/controllers/DashboardStatsController.java:[90,13] reference to List is ambiguous
[ERROR]   both interface java.util.List in java.util and class com.itextpdf.text.List in com.itextpdf.text match
[ERROR] /C:/Users/rayen/IdeaProjects/reclamation_avis/src/main/java/controllers/DashboardStatsController.java:[258,9] reference to List is ambiguous
[ERROR]   both interface java.util.List in java.util and class com.itextpdf.text.List in com.itextpdf.text match
[ERROR] -> [Help 1]
[ERROR] 
[ERROR] To see the full stack trace of the errors, re-run Maven with the -e switch.
[ERROR] Re-run Maven using the -X switch to enable full debug logging.
[ERROR] 
[ERROR] For more information about the errors and possible solutions, please read the following articles:
[ERROR] [Help 1] http://cwiki.apache.org/confluence/display/MAVEN/MojoFailureException
