#
# There is insufficient memory for the Java Runtime Environment to continue.
# Native memory allocation (mmap) failed to map 268435456 bytes. Error detail: G1 virtual space
# Possible reasons:
#   The system is out of physical RAM or swap space
#   This process is running with CompressedOops enabled, and the Java Heap may be blocking the growth of the native heap
# Possible solutions:
#   Reduce memory load on the system
#   Increase physical memory or swap space
#   Check if swap backing store is full
#   Decrease Java heap size (-Xmx/-Xms)
#   Decrease number of Java threads
#   Decrease Java thread stack sizes (-Xss)
#   Set larger code cache with -XX:ReservedCodeCacheSize=
#   JVM is running with Zero Based Compressed Oops mode in which the Java heap is
#     placed in the first 32GB address space. The Java Heap base address is the
#     maximum limit for the native heap growth. Please use -XX:HeapBaseMinAddress
#     to set the Java Heap base and to place the Java Heap above 32GB virtual address.
# This output file may be truncated or incomplete.
#
#  Out of Memory Error (os_windows.cpp:3717), pid=1284, tid=6132
#
# JRE version:  (21.0.11+10) (build )
# Java VM: OpenJDK 64-Bit Server VM (21.0.11+10-LTS, mixed mode, sharing, tiered, compressed oops, compressed class ptrs, g1 gc, windows-amd64)
# No core dump will be written. Minidumps are not enabled by default on client versions of Windows
#

---------------  S U M M A R Y ------------

Command Line: -Dclassworlds.conf=C:\Program Files\JetBrains\IntelliJ IDEA 2025.2.1\plugins\maven\lib\maven3\bin\m2.conf -Dmaven.home=C:\Program Files\JetBrains\IntelliJ IDEA 2025.2.1\plugins\maven\lib\maven3 -Dlibrary.jansi.path=C:\Program Files\JetBrains\IntelliJ IDEA 2025.2.1\plugins\maven\lib\maven3\lib\jansi-native -Dmaven.multiModuleProjectDirectory=C:\esprit\3A\Pi Dev\Connexion3a8 - Copie org.codehaus.plexus.classworlds.launcher.Launcher compile -q

Host: Intel(R) Core(TM) i7-8550U CPU @ 1.80GHz, 8 cores, 15G,  Windows 10 , 64 bit Build 19041 (10.0.19041.1865)
Time: Fri May  8 23:09:07 2026 elapsed time: 0.022062 seconds (0d 0h 0m 0s)

---------------  T H R E A D  ---------------

Current thread (0x0000014cba83d6c0):  JavaThread "Unknown thread" [_thread_in_vm, id=6132, stack(0x0000000e87900000,0x0000000e87a00000) (1024K)]

Stack: [0x0000000e87900000,0x0000000e87a00000]
Native frames: (J=compiled Java code, j=interpreted, Vv=VM code, C=native code)
V  [jvm.dll+0x6e0429]  (no source info available)
V  [jvm.dll+0x8c057b]  (no source info available)
V  [jvm.dll+0x8c2b0a]  (no source info available)
V  [jvm.dll+0x8c31e3]  (no source info available)
V  [jvm.dll+0x28ac66]  (no source info available)
V  [jvm.dll+0x6df8d5]  (no source info available)
V  [jvm.dll+0x6d36aa]  (no source info available)
V  [jvm.dll+0x367b8e]  (no source info available)
V  [jvm.dll+0x36fa5b]  (no source info available)
V  [jvm.dll+0x3c1539]  (no source info available)
V  [jvm.dll+0x3c17db]  (no source info available)
V  [jvm.dll+0x33b447]  (no source info available)
V  [jvm.dll+0x33bf8b]  (no source info available)
V  [jvm.dll+0x88aaae]  (no source info available)
V  [jvm.dll+0x3ce491]  (no source info available)
V  [jvm.dll+0x8739bc]  (no source info available)
V  [jvm.dll+0x4620a1]  (no source info available)
V  [jvm.dll+0x463ce1]  (no source info available)
C  [jli.dll+0x52f8]  (no source info available)
C  [ucrtbase.dll+0x21bb2]  (no source info available)
C  [KERNEL32.DLL+0x17034]  (no source info available)
C  [ntdll.dll+0x52651]  (no source info available)


---------------  P R O C E S S  ---------------

Threads class SMR info:
_java_thread_list=0x00007ff90a677288, length=0, elements={
}

Java Threads: ( => current thread )
Total: 0

Other Threads:
  0x0000014cba89d7a0 WorkerThread "GC Thread#0"                     [id=17384, stack(0x0000000e87a00000,0x0000000e87b00000) (1024K)]
  0x0000014cba8ae750 ConcurrentGCThread "G1 Main Marker"            [id=9828, stack(0x0000000e87b00000,0x0000000e87c00000) (1024K)]
  0x0000014cba8afa00 WorkerThread "G1 Conc#0"                       [id=2932, stack(0x0000000e87c00000,0x0000000e87d00000) (1024K)]

[error occurred during error reporting (printing all threads), id 0xc0000005, EXCEPTION_ACCESS_VIOLATION (0xc0000005) at pc=0x00007ff909d6df07]
VM state: not at safepoint (not fully initialized)

VM Mutex/Monitor currently owned by a thread:  ([mutex/lock_event])
[0x00007ff90a6eb9b0] Heap_lock - owner thread: 0x0000014cba83d6c0

Heap address: 0x0000000701e00000, size: 4066 MB, Compressed Oops mode: Zero based, Oop shift amount: 3

CDS archive(s) mapped at: [0x0000000000000000-0x0000000000000000-0x0000000000000000), size 0, SharedBaseAddress: 0x0000000800000000, ArchiveRelocationMode: 1.
Narrow klass base: 0x0000000000000000, Narrow klass shift: 0, Narrow klass range: 0x0

GC Precious Log:
 CardTable entry size: 512
 Card Set container configuration: InlinePtr #cards 4 size 8 Array Of Cards #cards 16 size 48 Howl #buckets 8 coarsen threshold 3686 Howl Bitmap #cards 512 size 80 coarsen threshold 460 Card regions per heap region 1 cards per card region 4096

Heap:
 garbage-first heap   total 0K, used 0K [0x0000000701e00000, 0x0000000800000000)
  region size 2048K, 0 young (0K), 0 survivors (0K)

[error occurred during error reporting (printing heap information), id 0xc0000005, EXCEPTION_ACCESS_VIOLATION (0xc0000005) at pc=0x00007ff90a15d3c9]
GC Heap History (0 events):
No events

Dll operation events (1 events):
Event: 0.012 Loaded shared library C:\Users\Lenovo-PC\.jdks\ms-21.0.11\bin\java.dll

Deoptimization events (0 events):
No events

Classes loaded (0 events):
No events

Classes unloaded (0 events):
No events

Classes redefined (0 events):
No events

Internal exceptions (0 events):
No events

ZGC Phase Switch (0 events):
No events

VM Operations (0 events):
No events

Memory protections (0 events):
No events

Nmethod flushes (0 events):
No events

Events (0 events):
No events


Dynamic libraries:
0x00007ff6d7170000 - 0x00007ff6d717e000 	C:\Users\Lenovo-PC\.jdks\ms-21.0.11\bin\java.exe
0x00007ff99d670000 - 0x00007ff99d868000 	C:\Windows\SYSTEM32\ntdll.dll
0x00007ff99cfe0000 - 0x00007ff99d09d000 	C:\Windows\System32\KERNEL32.DLL
0x00007ff99ad90000 - 0x00007ff99b05f000 	C:\Windows\System32\KERNELBASE.dll
0x00007ff99b520000 - 0x00007ff99b620000 	C:\Windows\System32\ucrtbase.dll
0x00007ff986dd0000 - 0x00007ff986de8000 	C:\Users\Lenovo-PC\.jdks\ms-21.0.11\bin\jli.dll
0x00007ff986c40000 - 0x00007ff986c5e000 	C:\Users\Lenovo-PC\.jdks\ms-21.0.11\bin\VCRUNTIME140.dll
0x00007ff99d0a0000 - 0x00007ff99d240000 	C:\Windows\System32\USER32.dll
0x00007ff987da0000 - 0x00007ff98803a000 	C:\Windows\WinSxS\amd64_microsoft.windows.common-controls_6595b64144ccf1df_6.0.19041.1110_none_60b5254171f9507e\COMCTL32.dll
0x00007ff99b450000 - 0x00007ff99b472000 	C:\Windows\System32\win32u.dll
0x00007ff99bc50000 - 0x00007ff99bcee000 	C:\Windows\System32\msvcrt.dll
0x00007ff99b6e0000 - 0x00007ff99b70a000 	C:\Windows\System32\GDI32.dll
0x00007ff99b100000 - 0x00007ff99b20b000 	C:\Windows\System32\gdi32full.dll
0x00007ff99b480000 - 0x00007ff99b51d000 	C:\Windows\System32\msvcp_win.dll
0x00007ff99d240000 - 0x00007ff99d270000 	C:\Windows\System32\IMM32.DLL
0x00007ff989da0000 - 0x00007ff989dac000 	C:\Users\Lenovo-PC\.jdks\ms-21.0.11\bin\vcruntime140_1.dll
0x00007ff9582c0000 - 0x00007ff958349000 	C:\Users\Lenovo-PC\.jdks\ms-21.0.11\bin\msvcp140.dll
0x00007ff909a20000 - 0x00007ff90a7ce000 	C:\Users\Lenovo-PC\.jdks\ms-21.0.11\bin\server\jvm.dll
0x00007ff99ce00000 - 0x00007ff99ceae000 	C:\Windows\System32\ADVAPI32.dll
0x00007ff99d430000 - 0x00007ff99d4cc000 	C:\Windows\System32\sechost.dll
0x00007ff99ccd0000 - 0x00007ff99cdf5000 	C:\Windows\System32\RPCRT4.dll
0x00007ff99b770000 - 0x00007ff99b7db000 	C:\Windows\System32\WS2_32.dll
0x00007ff99ab50000 - 0x00007ff99ab9b000 	C:\Windows\SYSTEM32\POWRPROF.dll
0x00007ff984360000 - 0x00007ff984387000 	C:\Windows\SYSTEM32\WINMM.dll
0x00007ff991e20000 - 0x00007ff991e2a000 	C:\Windows\SYSTEM32\VERSION.dll
0x00007ff99ab30000 - 0x00007ff99ab42000 	C:\Windows\SYSTEM32\UMPDC.dll
0x00007ff999620000 - 0x00007ff999632000 	C:\Windows\SYSTEM32\kernel.appcore.dll
0x00007ff986f90000 - 0x00007ff986f9a000 	C:\Users\Lenovo-PC\.jdks\ms-21.0.11\bin\jimage.dll
0x00007ff998b70000 - 0x00007ff998d54000 	C:\Windows\SYSTEM32\DBGHELP.DLL
0x00007ff980750000 - 0x00007ff98077c000 	C:\Windows\SYSTEM32\dbgcore.DLL
0x00007ff99b260000 - 0x00007ff99b2e2000 	C:\Windows\System32\bcryptPrimitives.dll
0x00007ff97aa70000 - 0x00007ff97aa91000 	C:\Users\Lenovo-PC\.jdks\ms-21.0.11\bin\java.dll

JVMTI agents: none

dbghelp: loaded successfully - version: 4.0.5 - missing functions: none
symbol engine: initialized successfully - sym options: 0x614 - pdb path: .;C:\Users\Lenovo-PC\.jdks\ms-21.0.11\bin;C:\Windows\SYSTEM32;C:\Windows\WinSxS\amd64_microsoft.windows.common-controls_6595b64144ccf1df_6.0.19041.1110_none_60b5254171f9507e;C:\Users\Lenovo-PC\.jdks\ms-21.0.11\bin\server

VM Arguments:
jvm_args: -Dclassworlds.conf=C:\Program Files\JetBrains\IntelliJ IDEA 2025.2.1\plugins\maven\lib\maven3\bin\m2.conf -Dmaven.home=C:\Program Files\JetBrains\IntelliJ IDEA 2025.2.1\plugins\maven\lib\maven3 -Dlibrary.jansi.path=C:\Program Files\JetBrains\IntelliJ IDEA 2025.2.1\plugins\maven\lib\maven3\lib\jansi-native -Dmaven.multiModuleProjectDirectory=C:\esprit\3A\Pi Dev\Connexion3a8 - Copie 
java_command: org.codehaus.plexus.classworlds.launcher.Launcher compile -q
java_class_path (initial): C:\Program Files\JetBrains\IntelliJ IDEA 2025.2.1\plugins\maven\lib\maven3\boot\plexus-classworlds-2.8.0.jar
Launcher Type: SUN_STANDARD

[Global flags]
     intx CICompilerCount                          = 4                                         {product} {ergonomic}
     uint ConcGCThreads                            = 2                                         {product} {ergonomic}
     uint G1ConcRefinementThreads                  = 8                                         {product} {ergonomic}
   size_t G1HeapRegionSize                         = 2097152                                   {product} {ergonomic}
    uintx GCDrainStackTargetSize                   = 64                                        {product} {ergonomic}
   size_t InitialHeapSize                          = 268435456                                 {product} {ergonomic}
   size_t MarkStackSize                            = 4194304                                   {product} {ergonomic}
   size_t MaxHeapSize                              = 4263510016                                {product} {ergonomic}
   size_t MinHeapDeltaBytes                        = 2097152                                   {product} {ergonomic}
   size_t MinHeapSize                              = 8388608                                   {product} {ergonomic}
    uintx NonNMethodCodeHeapSize                   = 5839372                                {pd product} {ergonomic}
    uintx NonProfiledCodeHeapSize                  = 122909434                              {pd product} {ergonomic}
    uintx ProfiledCodeHeapSize                     = 122909434                              {pd product} {ergonomic}
    uintx ReservedCodeCacheSize                    = 251658240                              {pd product} {ergonomic}
     bool SegmentedCodeCache                       = true                                      {product} {ergonomic}
   size_t SoftMaxHeapSize                          = 4263510016                             {manageable} {ergonomic}
     bool UseCompressedOops                        = true                           {product lp64_product} {ergonomic}
     bool UseG1GC                                  = true                                      {product} {ergonomic}
     bool UseLargePagesIndividualAllocation        = false                                  {pd product} {ergonomic}

Logging:
Log output configuration:
 #0: stdout all=warning uptime,level,tags foldmultilines=false
 #1: stderr all=off uptime,level,tags foldmultilines=false

Release file:
<release file has not been read>
Environment Variables:
JAVA_HOME=C:\Users\Lenovo-PC\.jdks\ms-21.0.11
PATH=C:\Users\Lenovo-PC\AppData\Local\Programs\Windsurf;C:\php;C:\Python314\Scripts\;C:\Python314\;C:\Program Files (x86)\VMware\VMware Workstation\bin\;C:\xampp\php;C:\Users\Lenovo-PC\.jdks\jbr-17.0.14;C:\Windows\system32;C:\Windows;C:\Windows\System32\Wbem;C:\Windows\System32\WindowsPowerShell\v1.0\;C:\instantclient12;C:\Windows\System32\OpenSSH\;C:\ProgramData\ComposerSetup\bin;C:\Program Files\Git\cmd;C:\Users\Lenovo-PC\scoop\shims;C:\Users\Lenovo-PC\AppData\Local\Microsoft\WindowsApps;C:\esprit\application\Microsoft VS Code\bin;C:\Users\Lenovo-PC\AppData\Local\Programs\cursor\resources\app\bin;C:\Users\Lenovo-PC\AppData\Roaming\Composer\vendor\bin;C:\Program Files\JetBrains\IntelliJ IDEA 2025.2.1\bin;C:\Users\Lenovo-PC\BlogAppSetup\apache-maven-3.9.6\bin;C:\Program Files\nodejs\;C:\ProgramData\chocolatey\bin;C:\Users\Lenovo-PC\scoop\shims;C:\Users\Lenovo-PC\AppData\Local\Microsoft\WindowsApps;C:\esprit\application\Microsoft VS Code\bin;C:\Users\Lenovo-PC\AppData\Local\Programs\cursor\resources\app\bin;C:\Users\Lenovo-PC\AppData\Roaming\Composer\vendor\bin;C:\Program Files\JetBrains\IntelliJ IDEA 2025.2.1\bin;C:\Users\Lenovo-PC\AppData\Roaming\npm;C:\Users\Lenovo-PC\AppData\Local\Programs\Windsurf\bin
USERNAME=Lenovo-PC
LANG=en_US.UTF-8
OS=Windows_NT
PROCESSOR_IDENTIFIER=Intel64 Family 6 Model 142 Stepping 10, GenuineIntel
TMP=C:\Users\LENOVO~1\AppData\Local\Temp
TEMP=C:\Users\LENOVO~1\AppData\Local\Temp




Periodic native trim disabled

---------------  S Y S T E M  ---------------

OS:
 Windows 10 , 64 bit Build 19041 (10.0.19041.1865)
OS uptime: 1 days 10:25 hours

CPU: total 8 (initial active 8) (4 cores per cpu, 2 threads per core) family 6 model 142 stepping 10 microcode 0xb4, cx8, cmov, fxsr, ht, mmx, 3dnowpref, sse, sse2, sse3, ssse3, sse4.1, sse4.2, popcnt, lzcnt, tsc, tscinvbit, avx, avx2, aes, erms, clmul, bmi1, bmi2, adx, fma, vzeroupper, clflush, clflushopt, rdtscp, f16c
Processor Information for processor 0
  Max Mhz: 1992, Current Mhz: 1494, Mhz Limit: 1792
Processor Information for processor 1
  Max Mhz: 1992, Current Mhz: 1792, Mhz Limit: 1792
Processor Information for processor 2
  Max Mhz: 1992, Current Mhz: 1792, Mhz Limit: 1792
Processor Information for processor 3
  Max Mhz: 1992, Current Mhz: 1792, Mhz Limit: 1792
Processor Information for processor 4
  Max Mhz: 1992, Current Mhz: 1792, Mhz Limit: 1792
Processor Information for processor 5
  Max Mhz: 1992, Current Mhz: 1494, Mhz Limit: 1792
Processor Information for processor 6
  Max Mhz: 1992, Current Mhz: 1792, Mhz Limit: 1792
Processor Information for processor 7
  Max Mhz: 1992, Current Mhz: 1792, Mhz Limit: 1792

Memory: 4k page, system-wide physical 16257M (2529M free)
TotalPageFile size 24279M (AvailPageFile size 201M)
current process WorkingSet (physical memory assigned to process): 10M, peak: 10M
current process commit charge ("private bytes"): 60M, peak: 316M

vm_info: OpenJDK 64-Bit Server VM (21.0.11+10-LTS) for windows-amd64 JRE (21.0.11+10-LTS), built on 2026-04-18T18:13:49Z by "MicrosoftCorporation" with MS VC++ 17.14 (VS2022)

END.
